Archive member included to satisfy reference by file (symbol)

C:/ST/STM32CubeIDE_1.10.1/STM32CubeIDE/plugins/com.st.stm32cube.ide.mcu.externaltools.gnu-tools-for-stm32.11.3.rel1.win32_1.1.0.202305231506/tools/bin/../lib/gcc/arm-none-eabi/11.3.1/../../../../arm-none-eabi/lib/thumb/v7e-m+fp/hard\libc_nano.a(libc_a-exit.o)
                              C:/ST/STM32CubeIDE_1.10.1/STM32CubeIDE/plugins/com.st.stm32cube.ide.mcu.externaltools.gnu-tools-for-stm32.11.3.rel1.win32_1.1.0.202305231506/tools/bin/../lib/gcc/arm-none-eabi/11.3.1/../../../../arm-none-eabi/lib/thumb/v7e-m+fp/hard/crt0.o (exit)
C:/ST/STM32CubeIDE_1.10.1/STM32CubeIDE/plugins/com.st.stm32cube.ide.mcu.externaltools.gnu-tools-for-stm32.11.3.rel1.win32_1.1.0.202305231506/tools/bin/../lib/gcc/arm-none-eabi/11.3.1/../../../../arm-none-eabi/lib/thumb/v7e-m+fp/hard\libc_nano.a(libc_a-findfp.o)
                              C:/ST/STM32CubeIDE_1.10.1/STM32CubeIDE/plugins/com.st.stm32cube.ide.mcu.externaltools.gnu-tools-for-stm32.11.3.rel1.win32_1.1.0.202305231506/tools/bin/../lib/gcc/arm-none-eabi/11.3.1/../../../../arm-none-eabi/lib/thumb/v7e-m+fp/hard\libc_nano.a(libc_a-exit.o) (__stdio_exit_handler)
C:/ST/STM32CubeIDE_1.10.1/STM32CubeIDE/plugins/com.st.stm32cube.ide.mcu.externaltools.gnu-tools-for-stm32.11.3.rel1.win32_1.1.0.202305231506/tools/bin/../lib/gcc/arm-none-eabi/11.3.1/../../../../arm-none-eabi/lib/thumb/v7e-m+fp/hard\libc_nano.a(libc_a-fwalk.o)
                              C:/ST/STM32CubeIDE_1.10.1/STM32CubeIDE/plugins/com.st.stm32cube.ide.mcu.externaltools.gnu-tools-for-stm32.11.3.rel1.win32_1.1.0.202305231506/tools/bin/../lib/gcc/arm-none-eabi/11.3.1/../../../../arm-none-eabi/lib/thumb/v7e-m+fp/hard\libc_nano.a(libc_a-findfp.o) (_fwalk_sglue)
C:/ST/STM32CubeIDE_1.10.1/STM32CubeIDE/plugins/com.st.stm32cube.ide.mcu.externaltools.gnu-tools-for-stm32.11.3.rel1.win32_1.1.0.202305231506/tools/bin/../lib/gcc/arm-none-eabi/11.3.1/../../../../arm-none-eabi/lib/thumb/v7e-m+fp/hard\libc_nano.a(libc_a-stdio.o)
                              C:/ST/STM32CubeIDE_1.10.1/STM32CubeIDE/plugins/com.st.stm32cube.ide.mcu.externaltools.gnu-tools-for-stm32.11.3.rel1.win32_1.1.0.202305231506/tools/bin/../lib/gcc/arm-none-eabi/11.3.1/../../../../arm-none-eabi/lib/thumb/v7e-m+fp/hard\libc_nano.a(libc_a-findfp.o) (__sread)
C:/ST/STM32CubeIDE_1.10.1/STM32CubeIDE/plugins/com.st.stm32cube.ide.mcu.externaltools.gnu-tools-for-stm32.11.3.rel1.win32_1.1.0.202305231506/tools/bin/../lib/gcc/arm-none-eabi/11.3.1/../../../../arm-none-eabi/lib/thumb/v7e-m+fp/hard\libc_nano.a(libc_a-memset.o)
                              C:/ST/STM32CubeIDE_1.10.1/STM32CubeIDE/plugins/com.st.stm32cube.ide.mcu.externaltools.gnu-tools-for-stm32.11.3.rel1.win32_1.1.0.202305231506/tools/bin/../lib/gcc/arm-none-eabi/11.3.1/../../../../arm-none-eabi/lib/thumb/v7e-m+fp/hard/crt0.o (memset)
C:/ST/STM32CubeIDE_1.10.1/STM32CubeIDE/plugins/com.st.stm32cube.ide.mcu.externaltools.gnu-tools-for-stm32.11.3.rel1.win32_1.1.0.202305231506/tools/bin/../lib/gcc/arm-none-eabi/11.3.1/../../../../arm-none-eabi/lib/thumb/v7e-m+fp/hard\libc_nano.a(libc_a-closer.o)
                              C:/ST/STM32CubeIDE_1.10.1/STM32CubeIDE/plugins/com.st.stm32cube.ide.mcu.externaltools.gnu-tools-for-stm32.11.3.rel1.win32_1.1.0.202305231506/tools/bin/../lib/gcc/arm-none-eabi/11.3.1/../../../../arm-none-eabi/lib/thumb/v7e-m+fp/hard\libc_nano.a(libc_a-stdio.o) (_close_r)
C:/ST/STM32CubeIDE_1.10.1/STM32CubeIDE/plugins/com.st.stm32cube.ide.mcu.externaltools.gnu-tools-for-stm32.11.3.rel1.win32_1.1.0.202305231506/tools/bin/../lib/gcc/arm-none-eabi/11.3.1/../../../../arm-none-eabi/lib/thumb/v7e-m+fp/hard\libc_nano.a(libc_a-reent.o)
                              C:/ST/STM32CubeIDE_1.10.1/STM32CubeIDE/plugins/com.st.stm32cube.ide.mcu.externaltools.gnu-tools-for-stm32.11.3.rel1.win32_1.1.0.202305231506/tools/bin/../lib/gcc/arm-none-eabi/11.3.1/../../../../arm-none-eabi/lib/thumb/v7e-m+fp/hard\libc_nano.a(libc_a-closer.o) (errno)
C:/ST/STM32CubeIDE_1.10.1/STM32CubeIDE/plugins/com.st.stm32cube.ide.mcu.externaltools.gnu-tools-for-stm32.11.3.rel1.win32_1.1.0.202305231506/tools/bin/../lib/gcc/arm-none-eabi/11.3.1/../../../../arm-none-eabi/lib/thumb/v7e-m+fp/hard\libc_nano.a(libc_a-impure.o)
                              C:/ST/STM32CubeIDE_1.10.1/STM32CubeIDE/plugins/com.st.stm32cube.ide.mcu.externaltools.gnu-tools-for-stm32.11.3.rel1.win32_1.1.0.202305231506/tools/bin/../lib/gcc/arm-none-eabi/11.3.1/../../../../arm-none-eabi/lib/thumb/v7e-m+fp/hard\libc_nano.a(libc_a-reent.o) (_impure_ptr)
C:/ST/STM32CubeIDE_1.10.1/STM32CubeIDE/plugins/com.st.stm32cube.ide.mcu.externaltools.gnu-tools-for-stm32.11.3.rel1.win32_1.1.0.202305231506/tools/bin/../lib/gcc/arm-none-eabi/11.3.1/../../../../arm-none-eabi/lib/thumb/v7e-m+fp/hard\libc_nano.a(libc_a-lseekr.o)
[...]
Memory Configuration

Name             Origin             Length             Attributes
CCMRAM           0x0000000010000000 0x0000000000010000 xrw
RAM              0x0000000020000000 0x0000000000020000 xrw
FLASH            0x0000000008000000 0x0000000000100000 xr
*default*        0x0000000000000000 0xffffffffffffffff

Linker script and memory map

LOAD C:/ST/STM32CubeIDE_1.10.1/STM32CubeIDE/plugins/com.st.stm32cube.ide.mcu.externaltools.gnu-tools-for-stm32.11.3.rel1.win32_1.1.0.202305231506/tools/bin/../lib/gcc/arm-none-eabi/11.3.1/thumb/v7e-m+fp/hard/crti.o
LOAD C:/ST/STM32CubeIDE_1.10.1/STM32CubeIDE/plugins/com.st.stm32cube.ide.mcu.externaltools.gnu-tools-for-stm32.11.3.rel1.win32_1.1.0.202305231506/tools/bin/../lib/gcc/arm-none-eabi/11.3.1/thumb/v7e-m+fp/hard/crtbegin.o
LOAD C:/ST/STM32CubeIDE_1.10.1/STM32CubeIDE/plugins/com.st.stm32cube.ide.mcu.externaltools.gnu-tools-for-stm32.11.3.rel1.win32_1.1.0.202305231506/tools/bin/../lib/gcc/arm-none-eabi/11.3.1/../../../../arm-none-eabi/lib/thumb/v7e-m+fp/hard/crt0.o
LOAD ./Core/Src/MY_NRF24.o
LOAD ./Core/Src/lcdIli9341.o
LOAD ./Core/Src/main.o
LOAD ./Core/Src/stm32f4xx_hal_msp.o
LOAD ./Core/Src/stm32f4xx_it.o
LOAD ./Core/Src/syscalls.o
LOAD ./Core/Src/sysmem.o
LOAD ./Core/Src/system_stm32f4xx.o
LOAD ./Core/Startup/startup_stm32f407vgtx.o
LOAD ./Drivers/STM32F4xx_HAL_Driver/Src/stm32f4xx_hal.o
LOAD ./Drivers/STM32F4xx_HAL_Driver/Src/stm32f4xx_hal_cortex.o
LOAD ./Drivers/STM32F4xx_HAL_Driver/Src/stm32f4xx_hal_dma.o
LOAD ./Drivers/STM32F4xx_HAL_Driver/Src/stm32f4xx_hal_dma_ex.o
LOAD ./Drivers/STM32F4xx_HAL_Driver/Src/stm32f4xx_hal_exti.o
LOAD ./Drivers/STM32F4xx_HAL_Driver/Src/stm32f4xx_hal_flash.o
LOAD ./Drivers/STM32F4xx_HAL_Driver/Src/stm32f4xx_hal_flash_ex.o
LOAD ./Drivers/STM32F4xx_HAL_Driver/Src/stm32f4xx_hal_flash_ramfunc.o
LOAD ./Drivers/STM32F4xx_HAL_Driver/Src/stm32f4xx_hal_gpio.o
LOAD ./Drivers/STM32F4xx_HAL_Driver/Src/stm32f4xx_hal_i2c.o
LOAD ./Drivers/STM32F4xx_HAL_Driver/Src/stm32f4xx_hal_i2c_ex.o
LOAD ./Drivers/STM32F4xx_HAL_Driver/Src/stm32f4xx_hal_pwr.o
LOAD ./Drivers/STM32F4xx_HAL_Driver/Src/stm32f4xx_hal_pwr_ex.o
LOAD ./Drivers/STM32F4xx_HAL_Driver/Src/stm32f4xx_hal_rcc.o
LOAD ./Drivers/STM32F4xx_HAL_Driver/Src/stm32f4xx_hal_rcc_ex.o
LOAD ./Drivers/STM32F4xx_HAL_Driver/Src/stm32f4xx_hal_spi.o
LOAD ./Drivers/STM32F4xx_HAL_Driver/Src/stm32f4xx_hal_sram.o
LOAD ./Drivers/STM32F4xx_HAL_Driver/Src/stm32f4xx_hal_tim.o
LOAD ./Drivers/STM32F4xx_HAL_Driver/Src/stm32f4xx_hal_tim_ex.o
LOAD ./Drivers/STM32F4xx_HAL_Driver/Src/stm32f4xx_ll_fsmc.o
START GROUP
LOAD C:/ST/STM32CubeIDE_1.10.1/STM32CubeIDE/plugins/com.st.stm32cube.ide.mcu.externaltools.gnu-tools-for-stm32.11.3.rel1.win32_1.1.0.202305231506/tools/bin/../lib/gcc/arm-none-eabi/11.3.1/../../../../arm-none-eabi/lib/thumb/v7e-m+fp/hard\libc_nano.a
LOAD C:/ST/STM32CubeIDE_1.10.1/STM32CubeIDE/plugins/com.st.stm32cube.ide.mcu.externaltools.gnu-tools-for-stm32.11.3.rel1.win32_1.1.0.202305231506/tools/bin/../lib/gcc/arm-none-eabi/11.3.1/../../../../arm-none-eabi/lib/thumb/v7e-m+fp/hard\libm.a
END GROUP
START GROUP
LOAD C:/ST/STM32CubeIDE_1.10.1/STM32CubeIDE/plugins/com.st.stm32cube.ide.mcu.externaltools.gnu-tools-for-stm32.11.3.rel1.win32_1.1.0.202305231506/tools/bin/../lib/gcc/arm-none-eabi/11.3.1/thumb/v7e-m+fp/hard\libgcc.a
LOAD C:/ST/STM32CubeIDE_1.10.1/STM32CubeIDE/plugins/com.st.stm32cube.ide.mcu.externaltools.gnu-tools-for-stm32.11.3.rel1.win32_1.1.0.202305231506/tools/bin/../lib/gcc/arm-none-eabi/11.3.1/../../../../arm-none-eabi/lib/thumb/v7e-m+fp/hard\libc_nano.a
END GROUP
START GROUP
LOAD C:/ST/STM32CubeIDE_1.10.1/STM32CubeIDE/plugins/com.st.stm32cube.ide.mcu.externaltools.gnu-tools-for-stm32.11.3.rel1.win32_1.1.0.202305231506/tools/bin/../lib/gcc/arm-none-eabi/11.3.1/thumb/v7e-m+fp/hard\libgcc.a
LOAD C:/ST/STM32CubeIDE_1.10.1/STM32CubeIDE/plugins/com.st.stm32cube.ide.mcu.externaltools.gnu-tools-for-stm32.11.3.rel1.win32_1.1.0.202305231506/tools/bin/../lib/gcc/arm-none-eabi/11.3.1/../../../../arm-none-eabi/lib/thumb/v7e-m+fp/hard\libc_nano.a
LOAD C:/ST/STM32CubeIDE_1.10.1/STM32CubeIDE/plugins/com.st.stm32cube.ide.mcu.externaltools.gnu-tools-for-stm32.11.3.rel1.win32_1.1.0.202305231506/tools/bin/../lib/gcc/arm-none-eabi/11.3.1/../../../../arm-none-eabi/lib/thumb/v7e-m+fp/hard\libnosys.a
END GROUP
START GROUP
LOAD C:/ST/STM32CubeIDE_1.10.1/STM32CubeIDE/plugins/com.st.stm32cube.ide.mcu.externaltools.gnu-tools-for-stm32.11.3.rel1.win32_1.1.0.202305231506/tools/bin/../lib/gcc/arm-none-eabi/11.3.1/thumb/v7e-m+fp/hard\libgcc.a
LOAD C:/ST/STM32CubeIDE_1.10.1/STM32CubeIDE/plugins/com.st.stm32cube.ide.mcu.externaltools.gnu-tools-for-stm32.11.3.rel1.win32_1.1.0.202305231506/tools/bin/../lib/gcc/arm-none-eabi/11.3.1/../../../../arm-none-eabi/lib/thumb/v7e-m+fp/hard\libc_nano.a
LOAD C:/ST/STM32CubeIDE_1.10.1/STM32CubeIDE/plugins/com.st.stm32cube.ide.mcu.externaltools.gnu-tools-for-stm32.11.3.rel1.win32_1.1.0.202305231506/tools/bin/../lib/gcc/arm-none-eabi/11.3.1/../../../../arm-none-eabi/lib/thumb/v7e-m+fp/hard\libnosys.a
END GROUP
LOAD C:/ST/STM32CubeIDE_1.10.1/STM32CubeIDE/plugins/com.st.stm32cube.ide.mcu.externaltools.gnu-tools-for-stm32.11.3.rel1.win32_1.1.0.202305231506/tools/bin/../lib/gcc/arm-none-eabi/11.3.1/thumb/v7e-m+fp/hard/crtend.o
LOAD C:/ST/STM32CubeIDE_1.10.1/STM32CubeIDE/plugins/com.st.stm32cube.ide.mcu.externaltools.gnu-tools-for-stm32.11.3.rel1.win32_1.1.0.202305231506/tools/bin/../lib/gcc/arm-none-eabi/11.3.1/thumb/v7e-m+fp/hard/crtn.o
                0x0000000020020000                _estack = (ORIGIN (RAM) + LENGTH (RAM))
                0x0000000000000200                _Min_Heap_Size = 0x200
                0x0000000000000400                _Min_Stack_Size = 0x400

.isr_vector     0x0000000008000000      0x188
                0x0000000008000000                . = ALIGN (0x4)
 *(.isr_vector)
 .isr_vector    0x0000000008000000      0x188 ./Core/Startup/startup_stm32f407vgtx.o
                0x0000000008000000                g_pfnVectors
                0x0000000008000188                . = ALIGN (0x4)

.text           0x0000000008000188     0x3758
                0x0000000008000188                . = ALIGN (0x4)
 *(.text)
 .text          0x0000000008000188       0x40 C:/ST/STM32CubeIDE_1.10.1/STM32CubeIDE/plugins/com.st.stm32cube.ide.mcu.externaltools.gnu-tools-for-stm32.11.3.rel1.win32_1.1.0.202305231506/tools/bin/../lib/gcc/arm-none-eabi/11.3.1/thumb/v7e-m+fp/hard/crtbegin.o
 .text          0x00000000080001c8       0x30 C:/ST/STM32CubeIDE_1.10.1/STM32CubeIDE/plugins/com.st.stm32cube.ide.mcu.externaltools.gnu-tools-for-stm32.11.3.rel1.win32_1.1.0.202305231506/tools/bin/../lib/gcc/arm-none-eabi/11.3.1/thumb/v7e-m+fp/hard\libgcc.a(_aeabi_uldivmod.o)
                0x00000000080001c8                __aeabi_uldivmod
 .text          0x00000000080001f8      0x2c8 C:/ST/STM32CubeIDE_1.10.1/STM32CubeIDE/plugins/com.st.stm32cube.ide.mcu.externaltools.gnu-tools-for-stm32.11.3.rel1.win32_1.1.0.202305231506/tools/bin/../lib/gcc/arm-none-eabi/11.3.1/thumb/v7e-m+fp/hard\libgcc.a(_udivmoddi4.o)
                0x00000000080001f8                __udivmoddi4
 .text          0x00000000080004c0        0x4 C:/ST/STM32CubeIDE_1.10.1/STM32CubeIDE/plugins/com.st.stm32cube.ide.mcu.externaltools.gnu-tools-for-stm32.11.3.rel1.win32_1.1.0.202305231506/tools/bin/../lib/gcc/arm-none-eabi/11.3.1/thumb/v7e-m+fp/hard\libgcc.a(_dvmd_tls.o)
                0x00000000080004c0                __aeabi_idiv0
                0x00000000080004c0                __aeabi_ldiv0
 *(.text*)
 .text.NRF24_DelayMicroSeconds
                0x00000000080004c4       0x44 ./Core/Src/MY_NRF24.o
                0x00000000080004c4                NRF24_DelayMicroSeconds
 .text.NRF24_csn
                0x0000000008000508       0x40 ./Core/Src/MY_NRF24.o
                0x0000000008000508                NRF24_csn
 .text.NRF24_ce
                0x0000000008000548       0x40 ./Core/Src/MY_NRF24.o
                0x0000000008000548                NRF24_ce
 .text.NRF24_read_register
                0x0000000008000588       0x50 ./Core/Src/MY_NRF24.o
                0x0000000008000588                NRF24_read_register
 .text.NRF24_write_register
                0x00000000080005d8       0x44 ./Core/Src/MY_NRF24.o
                0x00000000080005d8                NRF24_write_register
 .text.NRF24_write_registerN
                0x000000000800061c       0x50 ./Core/Src/MY_NRF24.o
                0x000000000800061c                NRF24_write_registerN
 .text.NRF24_read_payload
                0x000000000800066c       0x60 ./Core/Src/MY_NRF24.o
                0x000000000800066c                NRF24_read_payload
 .text.NRF24_flush_tx
                0x00000000080006cc       0x10 ./Core/Src/MY_NRF24.o
                0x00000000080006cc                NRF24_flush_tx
 .text.NRF24_flush_rx
                0x00000000080006dc       0x10 ./Core/Src/MY_NRF24.o
                0x00000000080006dc                NRF24_flush_rx
 .text.NRF24_get_status
                0x00000000080006ec       0x1a ./Core/Src/MY_NRF24.o
                0x00000000080006ec                NRF24_get_status
 *fill*         0x0000000008000706        0x2 
 .text.NRF24_begin
                0x0000000008000708      0x1bc ./Core/Src/MY_NRF24.o
                0x0000000008000708                NRF24_begin
 .text.NRF24_startListening
                0x00000000080008c4       0x4c ./Core/Src/MY_NRF24.o
                0x00000000080008c4                NRF24_startListening
 .text.NRF24_stopListening
                0x0000000008000910       0x16 ./Core/Src/MY_NRF24.o
                0x0000000008000910                NRF24_stopListening
 .text.NRF24_available
                0x0000000008000926       0x10 ./Core/Src/MY_NRF24.o
                0x0000000008000926                NRF24_available
 .text.NRF24_read
                0x0000000008000936       0x40 ./Core/Src/MY_NRF24.o
                0x0000000008000936                NRF24_read
 *fill*         0x0000000008000976        0x2 
 .text.NRF24_openReadingPipe
                0x0000000008000978       0x9c ./Core/Src/MY_NRF24.o
                0x0000000008000978                NRF24_openReadingPipe
 .text.NRF24_setRetries
                0x0000000008000a14       0x36 ./Core/Src/MY_NRF24.o
                0x0000000008000a14                NRF24_setRetries
 .text.NRF24_setChannel
                0x0000000008000a4a       0x2a ./Core/Src/MY_NRF24.o
                0x0000000008000a4a                NRF24_setChannel
 .text.NRF24_setPayloadSize
                0x0000000008000a74       0x30 ./Core/Src/MY_NRF24.o
                0x0000000008000a74                NRF24_setPayloadSize
 .text.NRF24_getPayloadSize
                0x0000000008000aa4       0x18 ./Core/Src/MY_NRF24.o
                0x0000000008000aa4                NRF24_getPayloadSize
 .text.NRF24_getDynamicPayloadSize
                0x0000000008000abc       0x10 ./Core/Src/MY_NRF24.o
                0x0000000008000abc                NRF24_getDynamicPayloadSize
 .text.NRF24_disableDynamicPayloads
                0x0000000008000acc       0x30 ./Core/Src/MY_NRF24.o
                0x0000000008000acc                NRF24_disableDynamicPayloads
 .text.NRF24_setAutoAck
                0x0000000008000afc       0x2a ./Core/Src/MY_NRF24.o
                0x0000000008000afc                NRF24_setAutoAck
 .text.NRF24_setPALevel
                0x0000000008000b26       0x72 ./Core/Src/MY_NRF24.o
                0x0000000008000b26                NRF24_setPALevel
 .text.NRF24_setDataRate
                0x0000000008000b98       0x8c ./Core/Src/MY_NRF24.o
                0x0000000008000b98                NRF24_setDataRate
 .text.NRF24_setCRCLength
                0x0000000008000c24       0x50 ./Core/Src/MY_NRF24.o
                0x0000000008000c24                NRF24_setCRCLength
 .text.NRF24_powerDown
                0x0000000008000c74       0x1e ./Core/Src/MY_NRF24.o
                0x0000000008000c74                NRF24_powerDown
 .text.NRF24_availablePipe
                0x0000000008000c92       0x60 ./Core/Src/MY_NRF24.o
                0x0000000008000c92                NRF24_availablePipe
 .text.NRF24_resetStatus
                0x0000000008000cf2       0x10 ./Core/Src/MY_NRF24.o
                0x0000000008000cf2                NRF24_resetStatus
 *fill*         0x0000000008000d02        0x2 
 .text.NRF24_ACTIVATE_cmd
                0x0000000008000d04       0x34 ./Core/Src/MY_NRF24.o
                0x0000000008000d04                NRF24_ACTIVATE_cmd
 .text.Ili9341_SetArea
                0x0000000008000d38       0x98 ./Core/Src/lcdIli9341.o
                0x0000000008000d38                Ili9341_SetArea
 .text.Ili9341_DrawRect
                0x0000000008000dd0       0x7c ./Core/Src/lcdIli9341.o
                0x0000000008000dd0                Ili9341_DrawRect
 .text.Ili9341_Init
                0x0000000008000e4c      0x1c0 ./Core/Src/lcdIli9341.o
                0x0000000008000e4c                Ili9341_Init
 .text.Ili9341_WriteCmd
                0x000000000800100c       0x1e ./Core/Src/lcdIli9341.o
                0x000000000800100c                Ili9341_WriteCmd
 *fill*         0x000000000800102a        0x2 
 .text.Ili9341_WriteData
                0x000000000800102c       0x20 ./Core/Src/lcdIli9341.o
                0x000000000800102c                Ili9341_WriteData
 .text.parseNrfOutput
                0x000000000800104c      0x12c ./Core/Src/main.o
                0x000000000800104c                parseNrfOutput
 .text.main     0x0000000008001178       0xa0 ./Core/Src/main.o
                0x0000000008001178                main
 .text.SystemClock_Config
                0x0000000008001218       0xd4 ./Core/Src/main.o
                0x0000000008001218                SystemClock_Config
 .text.MX_I2C2_Init
                0x00000000080012ec       0x5c ./Core/Src/main.o
 .text.MX_SPI2_Init
                0x0000000008001348       0x6c ./Core/Src/main.o
 .text.MX_GPIO_Init
                0x00000000080013b4      0x128 ./Core/Src/main.o
 .text.MX_FSMC_Init
                0x00000000080014dc       0xc0 ./Core/Src/main.o
 .text.Error_Handler
                0x000000000800159c        0xa ./Core/Src/main.o
                0x000000000800159c                Error_Handler
 *fill*         0x00000000080015a6        0x2 
 .text.HAL_MspInit
                0x00000000080015a8       0x50 ./Core/Src/stm32f4xx_hal_msp.o
                0x00000000080015a8                HAL_MspInit
 .text.HAL_I2C_MspInit
                0x00000000080015f8       0x90 ./Core/Src/stm32f4xx_hal_msp.o
                0x00000000080015f8                HAL_I2C_MspInit
 .text.HAL_SPI_MspInit
                0x0000000008001688       0xd0 ./Core/Src/stm32f4xx_hal_msp.o
                0x0000000008001688                HAL_SPI_MspInit
 .text.HAL_FSMC_MspInit
                0x0000000008001758       0x98 ./Core/Src/stm32f4xx_hal_msp.o
 .text.HAL_SRAM_MspInit
                0x00000000080017f0       0x14 ./Core/Src/stm32f4xx_hal_msp.o
                0x00000000080017f0                HAL_SRAM_MspInit
 .text.NMI_Handler
                0x0000000008001804        0x6 ./Core/Src/stm32f4xx_it.o
                0x0000000008001804                NMI_Handler
 .text.HardFault_Handler
                0x000000000800180a        0x6 ./Core/Src/stm32f4xx_it.o
                0x000000000800180a                HardFault_Handler
 .text.MemManage_Handler
                0x0000000008001810        0x6 ./Core/Src/stm32f4xx_it.o
                0x0000000008001810                MemManage_Handler
 .text.BusFault_Handler
                0x0000000008001816        0x6 ./Core/Src/stm32f4xx_it.o
                0x0000000008001816                BusFault_Handler
 .text.UsageFault_Handler
                0x000000000800181c        0x6 ./Core/Src/stm32f4xx_it.o
                0x000000000800181c                UsageFault_Handler
 .text.SVC_Handler
                0x0000000008001822        0xe ./Core/Src/stm32f4xx_it.o
                0x0000000008001822                SVC_Handler
 .text.DebugMon_Handler
                0x0000000008001830        0xe ./Core/Src/stm32f4xx_it.o
                0x0000000008001830                DebugMon_Handler
 .text.PendSV_Handler
                0x000000000800183e        0xe ./Core/Src/stm32f4xx_it.o
                0x000000000800183e                PendSV_Handler
 .text.SysTick_Handler
                0x000000000800184c        0xc ./Core/Src/stm32f4xx_it.o
                0x000000000800184c                SysTick_Handler
 .text.SystemInit
                0x0000000008001858       0x24 ./Core/Src/system_stm32f4xx.o
                0x0000000008001858                SystemInit
 .text.Reset_Handler
                0x000000000800187c       0x50 ./Core/Startup/startup_stm32f407vgtx.o
                0x000000000800187c                Reset_Handler
 .text.Default_Handler
                0x00000000080018cc        0x2 ./Core/Startup/startup_stm32f407vgtx.o
                0x00000000080018cc                RTC_Alarm_IRQHandler
                0x00000000080018cc                HASH_RNG_IRQHandler
                0x00000000080018cc                EXTI2_IRQHandler
                0x00000000080018cc                TIM8_CC_IRQHandler
                0x00000000080018cc                TIM1_CC_IRQHandler
                0x00000000080018cc                DMA2_Stream5_IRQHandler
                0x00000000080018cc                DMA1_Stream5_IRQHandler
                0x00000000080018cc                PVD_IRQHandler
                0x00000000080018cc                SDIO_IRQHandler
                0x00000000080018cc                TAMP_STAMP_IRQHandler
                0x00000000080018cc                CAN2_RX1_IRQHandler
                0x00000000080018cc                EXTI3_IRQHandler
                0x00000000080018cc                TIM8_TRG_COM_TIM14_IRQHandler
                0x00000000080018cc                TIM1_UP_TIM10_IRQHandler
                0x00000000080018cc                TIM8_UP_TIM13_IRQHandler
                0x00000000080018cc                I2C3_ER_IRQHandler
                0x00000000080018cc                EXTI0_IRQHandler
                0x00000000080018cc                I2C2_EV_IRQHandler
                0x00000000080018cc                DMA1_Stream2_IRQHandler
                0x00000000080018cc                CAN1_RX0_IRQHandler
                0x00000000080018cc                FPU_IRQHandler
                0x00000000080018cc                OTG_HS_WKUP_IRQHandler
                0x00000000080018cc                CAN2_SCE_IRQHandler
                0x00000000080018cc                DMA2_Stream2_IRQHandler
                0x00000000080018cc                SPI1_IRQHandler
                0x00000000080018cc                TIM6_DAC_IRQHandler
                0x00000000080018cc                TIM1_BRK_TIM9_IRQHandler
                0x00000000080018cc                DCMI_IRQHandler
                0x00000000080018cc                CAN2_RX0_IRQHandler
                0x00000000080018cc                DMA2_Stream3_IRQHandler
                0x00000000080018cc                USART6_IRQHandler
                0x00000000080018cc                USART3_IRQHandler
                0x00000000080018cc                CAN1_RX1_IRQHandler
                0x00000000080018cc                UART5_IRQHandler
                0x00000000080018cc                DMA2_Stream0_IRQHandler
                0x00000000080018cc                TIM4_IRQHandler
                0x00000000080018cc                I2C1_EV_IRQHandler
                0x00000000080018cc                DMA1_Stream6_IRQHandler
                0x00000000080018cc                DMA1_Stream1_IRQHandler
                0x00000000080018cc                UART4_IRQHandler
                0x00000000080018cc                TIM3_IRQHandler
                0x00000000080018cc                RCC_IRQHandler
                0x00000000080018cc                TIM8_BRK_TIM12_IRQHandler
                0x00000000080018cc                Default_Handler
                0x00000000080018cc                EXTI15_10_IRQHandler
                0x00000000080018cc                ADC_IRQHandler
                0x00000000080018cc                DMA1_Stream7_IRQHandler
                0x00000000080018cc                TIM7_IRQHandler
                0x00000000080018cc                CAN2_TX_IRQHandler
                0x00000000080018cc                TIM5_IRQHandler
                0x00000000080018cc                DMA2_Stream7_IRQHandler
                0x00000000080018cc                I2C3_EV_IRQHandler
                0x00000000080018cc                EXTI9_5_IRQHandler
                0x00000000080018cc                RTC_WKUP_IRQHandler
                0x00000000080018cc                ETH_WKUP_IRQHandler
                0x00000000080018cc                SPI2_IRQHandler
                0x00000000080018cc                OTG_HS_EP1_IN_IRQHandler
                0x00000000080018cc                DMA1_Stream0_IRQHandler
                0x00000000080018cc                CAN1_TX_IRQHandler
                0x00000000080018cc                EXTI4_IRQHandler
                0x00000000080018cc                FSMC_IRQHandler
                0x00000000080018cc                ETH_IRQHandler
                0x00000000080018cc                OTG_HS_EP1_OUT_IRQHandler
                0x00000000080018cc                WWDG_IRQHandler
                0x00000000080018cc                TIM2_IRQHandler
                0x00000000080018cc                OTG_FS_WKUP_IRQHandler
                0x00000000080018cc                TIM1_TRG_COM_TIM11_IRQHandler
                0x00000000080018cc                OTG_HS_IRQHandler
                0x00000000080018cc                EXTI1_IRQHandler
                0x00000000080018cc                USART2_IRQHandler
                0x00000000080018cc                I2C2_ER_IRQHandler
                0x00000000080018cc                DMA2_Stream1_IRQHandler
                0x00000000080018cc                CAN1_SCE_IRQHandler
                0x00000000080018cc                FLASH_IRQHandler
                0x00000000080018cc                DMA2_Stream4_IRQHandler
                0x00000000080018cc                USART1_IRQHandler
                0x00000000080018cc                OTG_FS_IRQHandler
                0x00000000080018cc                SPI3_IRQHandler
                0x00000000080018cc                DMA1_Stream4_IRQHandler
                0x00000000080018cc                I2C1_ER_IRQHandler
                0x00000000080018cc                DMA2_Stream6_IRQHandler
                0x00000000080018cc                DMA1_Stream3_IRQHandler
 *fill*         0x00000000080018ce        0x2 
 .text.HAL_Init
                0x00000000080018d0       0x44 ./Drivers/STM32F4xx_HAL_Driver/Src/stm32f4xx_hal.o
                0x00000000080018d0                HAL_Init
 .text.HAL_InitTick
                0x0000000008001914       0x60 ./Drivers/STM32F4xx_HAL_Driver/Src/stm32f4xx_hal.o
                0x0000000008001914                HAL_InitTick
 .text.HAL_IncTick
                0x0000000008001974       0x28 ./Drivers/STM32F4xx_HAL_Driver/Src/stm32f4xx_hal.o
                0x0000000008001974                HAL_IncTick
 .text.HAL_GetTick
                0x000000000800199c       0x18 ./Drivers/STM32F4xx_HAL_Driver/Src/stm32f4xx_hal.o
                0x000000000800199c                HAL_GetTick
 .text.HAL_Delay
                0x00000000080019b4       0x48 ./Drivers/STM32F4xx_HAL_Driver/Src/stm32f4xx_hal.o
                0x00000000080019b4                HAL_Delay
 .text.__NVIC_SetPriorityGrouping
                0x00000000080019fc       0x48 ./Drivers/STM32F4xx_HAL_Driver/Src/stm32f4xx_hal_cortex.o
 .text.__NVIC_GetPriorityGrouping
                0x0000000008001a44       0x1c ./Drivers/STM32F4xx_HAL_Driver/Src/stm32f4xx_hal_cortex.o
 .text.__NVIC_SetPriority
                0x0000000008001a60       0x54 ./Drivers/STM32F4xx_HAL_Driver/Src/stm32f4xx_hal_cortex.o
 .text.NVIC_EncodePriority
                0x0000000008001ab4       0x66 ./Drivers/STM32F4xx_HAL_Driver/Src/stm32f4xx_hal_cortex.o
 *fill*         0x0000000008001b1a        0x2 
 .text.SysTick_Config
                0x0000000008001b1c       0x44 ./Drivers/STM32F4xx_HAL_Driver/Src/stm32f4xx_hal_cortex.o
 .text.HAL_NVIC_SetPriorityGrouping
                0x0000000008001b60       0x16 ./Drivers/STM32F4xx_HAL_Driver/Src/stm32f4xx_hal_cortex.o
                0x0000000008001b60                HAL_NVIC_SetPriorityGrouping
 .text.HAL_NVIC_SetPriority
                0x0000000008001b76       0x38 ./Drivers/STM32F4xx_HAL_Driver/Src/stm32f4xx_hal_cortex.o
                0x0000000008001b76                HAL_NVIC_SetPriority
 .text.HAL_SYSTICK_Config
                0x0000000008001bae       0x18 ./Drivers/STM32F4xx_HAL_Driver/Src/stm32f4xx_hal_cortex.o
                0x0000000008001bae                HAL_SYSTICK_Config
 *fill*         0x0000000008001bc6        0x2 
 .text.HAL_GPIO_Init
                0x0000000008001bc8      0x338 ./Drivers/STM32F4xx_HAL_Driver/Src/stm32f4xx_hal_gpio.o
                0x0000000008001bc8                HAL_GPIO_Init
 .text.HAL_GPIO_WritePin
                0x0000000008001f00       0x32 ./Drivers/STM32F4xx_HAL_Driver/Src/stm32f4xx_hal_gpio.o
                0x0000000008001f00                HAL_GPIO_WritePin
 *fill*         0x0000000008001f32        0x2 
 .text.HAL_I2C_Init
                0x0000000008001f34      0x288 ./Drivers/STM32F4xx_HAL_Driver/Src/stm32f4xx_hal_i2c.o
                0x0000000008001f34                HAL_I2C_Init
 .text.HAL_RCC_OscConfig
                0x00000000080021bc      0x4f0 ./Drivers/STM32F4xx_HAL_Driver/Src/stm32f4xx_hal_rcc.o
                0x00000000080021bc                HAL_RCC_OscConfig
 .text.HAL_RCC_ClockConfig
                0x00000000080026ac      0x1cc ./Drivers/STM32F4xx_HAL_Driver/Src/stm32f4xx_hal_rcc.o
                0x00000000080026ac                HAL_RCC_ClockConfig
 .text.HAL_RCC_GetSysClockFreq
                0x0000000008002878      0x20c ./Drivers/STM32F4xx_HAL_Driver/Src/stm32f4xx_hal_rcc.o
                0x0000000008002878                HAL_RCC_GetSysClockFreq
 .text.HAL_RCC_GetHCLKFreq
                0x0000000008002a84       0x18 ./Drivers/STM32F4xx_HAL_Driver/Src/stm32f4xx_hal_rcc.o
                0x0000000008002a84                HAL_RCC_GetHCLKFreq
 .text.HAL_RCC_GetPCLK1Freq
                0x0000000008002a9c       0x28 ./Drivers/STM32F4xx_HAL_Driver/Src/stm32f4xx_hal_rcc.o
                0x0000000008002a9c                HAL_RCC_GetPCLK1Freq
 .text.HAL_SPI_Init
                0x0000000008002ac4      0x112 ./Drivers/STM32F4xx_HAL_Driver/Src/stm32f4xx_hal_spi.o
                0x0000000008002ac4                HAL_SPI_Init
 .text.HAL_SPI_Transmit
                0x0000000008002bd6      0x278 ./Drivers/STM32F4xx_HAL_Driver/Src/stm32f4xx_hal_spi.o
                0x0000000008002bd6                HAL_SPI_Transmit
 .text.HAL_SPI_Receive
                0x0000000008002e4e      0x222 ./Drivers/STM32F4xx_HAL_Driver/Src/stm32f4xx_hal_spi.o
                0x0000000008002e4e                HAL_SPI_Receive
 .text.HAL_SPI_TransmitReceive
                0x0000000008003070      0x344 ./Drivers/STM32F4xx_HAL_Driver/Src/stm32f4xx_hal_spi.o
                0x0000000008003070                HAL_SPI_TransmitReceive
 .text.SPI_WaitFlagStateUntilTimeout
                0x00000000080033b4      0x110 ./Drivers/STM32F4xx_HAL_Driver/Src/stm32f4xx_hal_spi.o
 .text.SPI_EndRxTransaction
                0x00000000080034c4       0xca ./Drivers/STM32F4xx_HAL_Driver/Src/stm32f4xx_hal_spi.o
 *fill*         0x000000000800358e        0x2 
 .text.SPI_EndRxTxTransaction
                0x0000000008003590       0x84 ./Drivers/STM32F4xx_HAL_Driver/Src/stm32f4xx_hal_spi.o
 .text.HAL_SRAM_Init
                0x0000000008003614       0x90 ./Drivers/STM32F4xx_HAL_Driver/Src/stm32f4xx_hal_sram.o
                0x0000000008003614                HAL_SRAM_Init
 .text.FSMC_NORSRAM_Init
                0x00000000080036a4       0xd4 ./Drivers/STM32F4xx_HAL_Driver/Src/stm32f4xx_ll_fsmc.o
                0x00000000080036a4                FSMC_NORSRAM_Init
 .text.FSMC_NORSRAM_Timing_Init
                0x0000000008003778       0x6a ./Drivers/STM32F4xx_HAL_Driver/Src/stm32f4xx_ll_fsmc.o
                0x0000000008003778                FSMC_NORSRAM_Timing_Init
 *fill*         0x00000000080037e2        0x2 
 .text.FSMC_NORSRAM_Extended_Timing_Init
                0x00000000080037e4       0x70 ./Drivers/STM32F4xx_HAL_Driver/Src/stm32f4xx_ll_fsmc.o
                0x00000000080037e4                FSMC_NORSRAM_Extended_Timing_Init
 .text.memset   0x0000000008003854       0x10 C:/ST/STM32CubeIDE_1.10.1/STM32CubeIDE/plugins/com.st.stm32cube.ide.mcu.externaltools.gnu-tools-for-stm32.11.3.rel1.win32_1.1.0.202305231506/tools/bin/../lib/gcc/arm-none-eabi/11.3.1/../../../../arm-none-eabi/lib/thumb/v7e-m+fp/hard\libc_nano.a(libc_a-memset.o)
                0x0000000008003854                memset
 .text.__libc_init_array
                0x0000000008003864       0x48 C:/ST/STM32CubeIDE_1.10.1/STM32CubeIDE/plugins/com.st.stm32cube.ide.mcu.externaltools.gnu-tools-for-stm32.11.3.rel1.win32_1.1.0.202305231506/tools/bin/../lib/gcc/arm-none-eabi/11.3.1/../../../../arm-none-eabi/lib/thumb/v7e-m+fp/hard\libc_nano.a(libc_a-init.o)
                0x0000000008003864                __libc_init_array
 .text.memcpy   0x00000000080038ac       0x1c C:/ST/STM32CubeIDE_1.10.1/STM32CubeIDE/plugins/com.st.stm32cube.ide.mcu.externaltools.gnu-tools-for-stm32.11.3.rel1.win32_1.1.0.202305231506/tools/bin/../lib/gcc/arm-none-eabi/11.3.1/../../../../arm-none-eabi/lib/thumb/v7e-m+fp/hard\libc_nano.a(libc_a-memcpy-stub.o)
                0x00000000080038ac                memcpy
 *(.glue_7)
 .glue_7        0x00000000080038c8        0x0 linker stubs
 *(.glue_7t)
 .glue_7t       0x00000000080038c8        0x0 linker stubs
 *(.eh_frame)
 .eh_frame      0x00000000080038c8        0x0 C:/ST/STM32CubeIDE_1.10.1/STM32CubeIDE/plugins/com.st.stm32cube.ide.mcu.externaltools.gnu-tools-for-stm32.11.3.rel1.win32_1.1.0.202305231506/tools/bin/../lib/gcc/arm-none-eabi/11.3.1/thumb/v7e-m+fp/hard/crtbegin.o
 *(.init)
 .init          0x00000000080038c8        0x4 C:/ST/STM32CubeIDE_1.10.1/STM32CubeIDE/plugins/com.st.stm32cube.ide.mcu.externaltools.gnu-tools-for-stm32.11.3.rel1.win32_1.1.0.202305231506/tools/bin/../lib/gcc/arm-none-eabi/11.3.1/thumb/v7e-m+fp/hard/crti.o
                0x00000000080038c8                _init
 .init          0x00000000080038cc        0x8 C:/ST/STM32CubeIDE_1.10.1/STM32CubeIDE/plugins/com.st.stm32cube.ide.mcu.externaltools.gnu-tools-for-stm32.11.3.rel1.win32_1.1.0.202305231506/tools/bin/../lib/gcc/arm-none-eabi/11.3.1/thumb/v7e-m+fp/hard/crtn.o
 *(.fini)
 .fini          0x00000000080038d4        0x4 C:/ST/STM32CubeIDE_1.10.1/STM32CubeIDE/plugins/com.st.stm32cube.ide.mcu.externaltools.gnu-tools-for-stm32.11.3.rel1.win32_1.1.0.202305231506/tools/bin/../lib/gcc/arm-none-eabi/11.3.1/thumb/v7e-m+fp/hard/crti.o
                0x00000000080038d4                _fini
 .fini          0x00000000080038d8        0x8 C:/ST/STM32CubeIDE_1.10.1/STM32CubeIDE/plugins/com.st.stm32cube.ide.mcu.externaltools.gnu-tools-for-stm32.11.3.rel1.win32_1.1.0.202305231506/tools/bin/../lib/gcc/arm-none-eabi/11.3.1/thumb/v7e-m+fp/hard/crtn.o
                0x00000000080038e0                . = ALIGN (0x4)
                0x00000000080038e0                _etext = .

.vfp11_veneer   0x00000000080038e0        0x0
 .vfp11_veneer  0x00000000080038e0        0x0 linker stubs

.v4_bx          0x00000000080038e0        0x0
 .v4_bx         0x00000000080038e0        0x0 linker stubs

.iplt           0x00000000080038e0        0x0
 .iplt          0x00000000080038e0        0x0 C:/ST/STM32CubeIDE_1.10.1/STM32CubeIDE/plugins/com.st.stm32cube.ide.mcu.externaltools.gnu-tools-for-stm32.11.3.rel1.win32_1.1.0.202305231506/tools/bin/../lib/gcc/arm-none-eabi/11.3.1/thumb/v7e-m+fp/hard/crtbegin.o

.rodata         0x00000000080038e0       0x28
                0x00000000080038e0                . = ALIGN (0x4)
 *(.rodata)
 *(.rodata*)
 .rodata.NRF24_ADDR_REGS
                0x00000000080038e0        0x7 ./Core/Src/MY_NRF24.o
 *fill*         0x00000000080038e7        0x1 
 .rodata.RF24_RX_PW_PIPE
                0x00000000080038e8        0x6 ./Core/Src/MY_NRF24.o
 *fill*         0x00000000080038ee        0x2 
 .rodata.AHBPrescTable
                0x00000000080038f0       0x10 ./Core/Src/system_stm32f4xx.o
                0x00000000080038f0                AHBPrescTable
 .rodata.APBPrescTable
                0x0000000008003900        0x8 ./Core/Src/system_stm32f4xx.o
                0x0000000008003900                APBPrescTable
                0x0000000008003908                . = ALIGN (0x4)

.ARM.extab      0x0000000008003908        0x0
                0x0000000008003908                . = ALIGN (0x4)
 *(.ARM.extab* .gnu.linkonce.armextab.*)
                0x0000000008003908                . = ALIGN (0x4)

.ARM            0x0000000008003908        0x8
                0x0000000008003908                . = ALIGN (0x4)
                0x0000000008003908                __exidx_start = .
 *(.ARM.exidx*)
 .ARM.exidx     0x0000000008003908        0x8 C:/ST/STM32CubeIDE_1.10.1/STM32CubeIDE/plugins/com.st.stm32cube.ide.mcu.externaltools.gnu-tools-for-stm32.11.3.rel1.win32_1.1.0.202305231506/tools/bin/../lib/gcc/arm-none-eabi/11.3.1/thumb/v7e-m+fp/hard\libgcc.a(_udivmoddi4.o)
                0x0000000008003910                __exidx_end = .
                0x0000000008003910                . = ALIGN (0x4)

.rel.dyn        0x0000000008003910        0x0
 .rel.iplt      0x0000000008003910        0x0 C:/ST/STM32CubeIDE_1.10.1/STM32CubeIDE/plugins/com.st.stm32cube.ide.mcu.externaltools.gnu-tools-for-stm32.11.3.rel1.win32_1.1.0.202305231506/tools/bin/../lib/gcc/arm-none-eabi/11.3.1/thumb/v7e-m+fp/hard/crtbegin.o

.preinit_array  0x0000000008003910        0x0
                0x0000000008003910                . = ALIGN (0x4)
                0x0000000008003910                PROVIDE (__preinit_array_start = .)
 *(.preinit_array*)
                0x0000000008003910                PROVIDE (__preinit_array_end = .)
                0x0000000008003910                . = ALIGN (0x4)

.init_array     0x0000000008003910        0x4
                0x0000000008003910                . = ALIGN (0x4)
                0x0000000008003910                PROVIDE (__init_array_start = .)
 *(SORT_BY_NAME(.init_array.*))
 *(.init_array*)
 .init_array    0x0000000008003910        0x4 C:/ST/STM32CubeIDE_1.10.1/STM32CubeIDE/plugins/com.st.stm32cube.ide.mcu.externaltools.gnu-tools-for-stm32.11.3.rel1.win32_1.1.0.202305231506/tools/bin/../lib/gcc/arm-none-eabi/11.3.1/thumb/v7e-m+fp/hard/crtbegin.o
                0x0000000008003914                PROVIDE (__init_array_end = .)
                0x0000000008003914                . = ALIGN (0x4)

.fini_array     0x0000000008003914        0x4
                0x0000000008003914                . = ALIGN (0x4)
                [!provide]                        PROVIDE (__fini_array_start = .)
 *(SORT_BY_NAME(.fini_array.*))
 *(.fini_array*)
 .fini_array    0x0000000008003914        0x4 C:/ST/STM32CubeIDE_1.10.1/STM32CubeIDE/plugins/com.st.stm32cube.ide.mcu.externaltools.gnu-tools-for-stm32.11.3.rel1.win32_1.1.0.202305231506/tools/bin/../lib/gcc/arm-none-eabi/11.3.1/thumb/v7e-m+fp/hard/crtbegin.o
                [!provide]                        PROVIDE (__fini_array_end = .)
                0x0000000008003918                . = ALIGN (0x4)
                0x0000000008003918                _sidata = LOADADDR (.data)

.data           0x0000000020000000       0x18 load address 0x0000000008003918
                0x0000000020000000                . = ALIGN (0x4)
                0x0000000020000000                _sdata = .
 *(.data)
 *(.data*)
 .data.RxpipeAddrs
                0x0000000020000000        0x8 ./Core/Src/main.o
                0x0000000020000000                RxpipeAddrs
 .data.oldPixelIndex
                0x0000000020000008        0x2 ./Core/Src/main.o
                0x0000000020000008                oldPixelIndex
 .data.newPixelIndex
                0x000000002000000a        0x2 ./Core/Src/main.o
                0x000000002000000a                newPixelIndex
 .data.SystemCoreClock
                0x000000002000000c        0x4 ./Core/Src/system_stm32f4xx.o
                0x000000002000000c                SystemCoreClock
 .data.uwTickPrio
                0x0000000020000010        0x4 ./Drivers/STM32F4xx_HAL_Driver/Src/stm32f4xx_hal.o
                0x0000000020000010                uwTickPrio
 .data.uwTickFreq
                0x0000000020000014        0x1 ./Drivers/STM32F4xx_HAL_Driver/Src/stm32f4xx_hal.o
                0x0000000020000014                uwTickFreq
 *(.RamFunc)
 *(.RamFunc*)
                0x0000000020000018                . = ALIGN (0x4)
 *fill*         0x0000000020000015        0x3 
                0x0000000020000018                _edata = .
                0x0000000008003930                _siccmram = LOADADDR (.ccmram)

.igot.plt       0x0000000020000018        0x0 load address 0x0000000008003930
 .igot.plt      0x0000000020000018        0x0 C:/ST/STM32CubeIDE_1.10.1/STM32CubeIDE/plugins/com.st.stm32cube.ide.mcu.externaltools.gnu-tools-for-stm32.11.3.rel1.win32_1.1.0.202305231506/tools/bin/../lib/gcc/arm-none-eabi/11.3.1/thumb/v7e-m+fp/hard/crtbegin.o

.ccmram         0x0000000010000000        0x0 load address 0x0000000008003930
                0x0000000010000000                . = ALIGN (0x4)
                0x0000000010000000                _sccmram = .
 *(.ccmram)
 *(.ccmram*)
                0x0000000010000000                . = ALIGN (0x4)
                0x0000000010000000                _eccmram = .
                0x0000000010000000                . = ALIGN (0x4)

.bss            0x0000000020000018      0x434
                0x0000000020000018                _sbss = .
                0x0000000020000018                __bss_start__ = _sbss
 *(.bss)
 .bss           0x0000000020000018       0x1c C:/ST/STM32CubeIDE_1.10.1/STM32CubeIDE/plugins/com.st.stm32cube.ide.mcu.externaltools.gnu-tools-for-stm32.11.3.rel1.win32_1.1.0.202305231506/tools/bin/../lib/gcc/arm-none-eabi/11.3.1/thumb/v7e-m+fp/hard/crtbegin.o
 *(.bss*)
 *fill*         0x0000000020000034        0x4 
 .bss.pipe0_reading_address
                0x0000000020000038        0x8 ./Core/Src/MY_NRF24.o
 .bss.payload_size
                0x0000000020000040        0x1 ./Core/Src/MY_NRF24.o
 .bss.dynamic_payloads_enabled
                0x0000000020000041        0x1 ./Core/Src/MY_NRF24.o
 .bss.wide_band
                0x0000000020000042        0x1 ./Core/Src/MY_NRF24.o
 *fill*         0x0000000020000043        0x1 
 .bss.nrf24_PORT
                0x0000000020000044        0x4 ./Core/Src/MY_NRF24.o
 .bss.nrf24_CSN_PIN
                0x0000000020000048        0x2 ./Core/Src/MY_NRF24.o
 .bss.nrf24_CE_PIN
                0x000000002000004a        0x2 ./Core/Src/MY_NRF24.o
 .bss.nrf24_hspi
                0x000000002000004c       0x58 ./Core/Src/MY_NRF24.o
 .bss.hi2c2     0x00000000200000a4       0x54 ./Core/Src/main.o
                0x00000000200000a4                hi2c2
 .bss.hspi2     0x00000000200000f8       0x58 ./Core/Src/main.o
                0x00000000200000f8                hspi2
 .bss.hsram1    0x0000000020000150       0x50 ./Core/Src/main.o
                0x0000000020000150                hsram1
 .bss.myRxData  0x00000000200001a0       0x20 ./Core/Src/main.o
                0x00000000200001a0                myRxData
 .bss.dummyLine
                0x00000000200001c0      0x280 ./Core/Src/main.o
                0x00000000200001c0                dummyLine
 .bss.pixelCounter
                0x0000000020000440        0x2 ./Core/Src/main.o
                0x0000000020000440                pixelCounter
 .bss.lineCounter
                0x0000000020000442        0x2 ./Core/Src/main.o
                0x0000000020000442                lineCounter
 .bss.FSMC_Initialized
                0x0000000020000444        0x4 ./Core/Src/stm32f4xx_hal_msp.o
 .bss.uwTick    0x0000000020000448        0x4 ./Drivers/STM32F4xx_HAL_Driver/Src/stm32f4xx_hal.o
                0x0000000020000448                uwTick
 *(COMMON)
                0x000000002000044c                . = ALIGN (0x4)
                0x000000002000044c                _ebss = .
                0x000000002000044c                __bss_end__ = _ebss

._user_heap_stack
                0x000000002000044c      0x604
                0x0000000020000450                . = ALIGN (0x8)
 *fill*         0x000000002000044c        0x4 
                [!provide]                        PROVIDE (end = .)
                0x0000000020000450                PROVIDE (_end = .)
                0x0000000020000650                . = (. + _Min_Heap_Size)
 *fill*         0x0000000020000450      0x200 
                0x0000000020000a50                . = (. + _Min_Stack_Size)
 *fill*         0x0000000020000650      0x400 
                0x0000000020000a50                . = ALIGN (0x8)

/DISCARD/
 libc.a(*)
 libm.a(*)
 libgcc.a(*)

.ARM.attributes
                0x0000000000000000       0x30
 *(.ARM.attributes)
 .ARM.attributes
                0x0000000000000000       0x1e C:/ST/STM32CubeIDE_1.10.1/STM32CubeIDE/plugins/com.st.stm32cube.ide.mcu.externaltools.gnu-tools-for-stm32.11.3.rel1.win32_1.1.0.202305231506/tools/bin/../lib/gcc/arm-none-eabi/11.3.1/thumb/v7e-m+fp/hard/crti.o
 .ARM.attributes
                0x000000000000001e       0x34 C:/ST/STM32CubeIDE_1.10.1/STM32CubeIDE/plugins/com.st.stm32cube.ide.mcu.externaltools.gnu-tools-for-stm32.11.3.rel1.win32_1.1.0.202305231506/tools/bin/../lib/gcc/arm-none-eabi/11.3.1/thumb/v7e-m+fp/hard/crtbegin.o
 .ARM.attributes
                0x0000000000000052       0x34 ./Core/Src/MY_NRF24.o
 .ARM.attributes
                0x0000000000000086       0x34 ./Core/Src/lcdIli9341.o
 .ARM.attributes
                0x00000000000000ba       0x34 ./Core/Src/main.o
 .ARM.attributes
                0x00000000000000ee       0x34 ./Core/Src/stm32f4xx_hal_msp.o
 .ARM.attributes
                0x0000000000000122       0x34 ./Core/Src/stm32f4xx_it.o
 .ARM.attributes
                0x0000000000000156       0x34 ./Core/Src/system_stm32f4xx.o
 .ARM.attributes
                0x000000000000018a       0x21 ./Core/Startup/startup_stm32f407vgtx.o
 .ARM.attributes
                0x00000000000001ab       0x34 ./Drivers/STM32F4xx_HAL_Driver/Src/stm32f4xx_hal.o
 .ARM.attributes
                0x00000000000001df       0x34 ./Drivers/STM32F4xx_HAL_Driver/Src/stm32f4xx_hal_cortex.o
 .ARM.attributes
                0x0000000000000213       0x34 ./Drivers/STM32F4xx_HAL_Driver/Src/stm32f4xx_hal_gpio.o
 .ARM.attributes
                0x0000000000000247       0x34 ./Drivers/STM32F4xx_HAL_Driver/Src/stm32f4xx_hal_i2c.o
 .ARM.attributes
                0x000000000000027b       0x34 ./Drivers/STM32F4xx_HAL_Driver/Src/stm32f4xx_hal_rcc.o
 .ARM.attributes
                0x00000000000002af       0x34 ./Drivers/STM32F4xx_HAL_Driver/Src/stm32f4xx_hal_spi.o
 .ARM.attributes
                0x00000000000002e3       0x34 ./Drivers/STM32F4xx_HAL_Driver/Src/stm32f4xx_hal_sram.o
 .ARM.attributes
                0x0000000000000317       0x34 ./Drivers/STM32F4xx_HAL_Driver/Src/stm32f4xx_ll_fsmc.o
 .ARM.attributes
                0x000000000000034b       0x34 C:/ST/STM32CubeIDE_1.10.1/STM32CubeIDE/plugins/com.st.stm32cube.ide.mcu.externaltools.gnu-tools-for-stm32.11.3.rel1.win32_1.1.0.202305231506/tools/bin/../lib/gcc/arm-none-eabi/11.3.1/../../../../arm-none-eabi/lib/thumb/v7e-m+fp/hard\libc_nano.a(libc_a-memset.o)
 .ARM.attributes
                0x000000000000037f       0x34 C:/ST/STM32CubeIDE_1.10.1/STM32CubeIDE/plugins/com.st.stm32cube.ide.mcu.externaltools.gnu-tools-for-stm32.11.3.rel1.win32_1.1.0.202305231506/tools/bin/../lib/gcc/arm-none-eabi/11.3.1/../../../../arm-none-eabi/lib/thumb/v7e-m+fp/hard\libc_nano.a(libc_a-init.o)
 .ARM.attributes
                0x00000000000003b3       0x34 C:/ST/STM32CubeIDE_1.10.1/STM32CubeIDE/plugins/com.st.stm32cube.ide.mcu.externaltools.gnu-tools-for-stm32.11.3.rel1.win32_1.1.0.202305231506/tools/bin/../lib/gcc/arm-none-eabi/11.3.1/../../../../arm-none-eabi/lib/thumb/v7e-m+fp/hard\libc_nano.a(libc_a-memcpy-stub.o)
 .ARM.attributes
                0x00000000000003e7       0x1e C:/ST/STM32CubeIDE_1.10.1/STM32CubeIDE/plugins/com.st.stm32cube.ide.mcu.externaltools.gnu-tools-for-stm32.11.3.rel1.win32_1.1.0.202305231506/tools/bin/../lib/gcc/arm-none-eabi/11.3.1/thumb/v7e-m+fp/hard\libgcc.a(_aeabi_uldivmod.o)
 .ARM.attributes
                0x0000000000000405       0x34 C:/ST/STM32CubeIDE_1.10.1/STM32CubeIDE/plugins/com.st.stm32cube.ide.mcu.externaltools.gnu-tools-for-stm32.11.3.rel1.win32_1.1.0.202305231506/tools/bin/../lib/gcc/arm-none-eabi/11.3.1/thumb/v7e-m+fp/hard\libgcc.a(_udivmoddi4.o)
 .ARM.attributes
                0x0000000000000439       0x1e C:/ST/STM32CubeIDE_1.10.1/STM32CubeIDE/plugins/com.st.stm32cube.ide.mcu.externaltools.gnu-tools-for-stm32.11.3.rel1.win32_1.1.0.202305231506/tools/bin/../lib/gcc/arm-none-eabi/11.3.1/thumb/v7e-m+fp/hard\libgcc.a(_dvmd_tls.o)
 .ARM.attributes
                0x0000000000000457       0x1e C:/ST/STM32CubeIDE_1.10.1/STM32CubeIDE/plugins/com.st.stm32cube.ide.mcu.externaltools.gnu-tools-for-stm32.11.3.rel1.win32_1.1.0.202305231506/tools/bin/../lib/gcc/arm-none-eabi/11.3.1/thumb/v7e-m+fp/hard/crtn.o
OUTPUT(LCD_Receiver.elf elf32-littlearm)
LOAD linker stubs
LOAD C:/ST/STM32CubeIDE_1.10.1/STM32CubeIDE/plugins/com.st.stm32cube.ide.mcu.externaltools.gnu-tools-for-stm32.11.3.rel1.win32_1.1.0.202305231506/tools/bin/../lib/gcc/arm-none-eabi/11.3.1/../../../../arm-none-eabi/lib/thumb/v7e-m+fp/hard\libc.a
LOAD C:/ST/STM32CubeIDE_1.10.1/STM32CubeIDE/plugins/com.st.stm32cube.ide.mcu.externaltools.gnu-tools-for-stm32.11.3.rel1.win32_1.1.0.202305231506/tools/bin/../lib/gcc/arm-none-eabi/11.3.1/../../../../arm-none-eabi/lib/thumb/v7e-m+fp/hard\libm.a
LOAD C:/ST/STM32CubeIDE_1.10.1/STM32CubeIDE/plugins/com.st.stm32cube.ide.mcu.externaltools.gnu-tools-for-stm32.11.3.rel1.win32_1.1.0.202305231506/tools/bin/../lib/gcc/arm-none-eabi/11.3.1/thumb/v7e-m+fp/hard\libgcc.a

.comment        0x0000000000000000       0x43
 .comment       0x0000000000000000       0x43 C:/ST/STM32CubeIDE_1.10.1/STM32CubeIDE/plugins/com.st.stm32cube.ide.mcu.externaltools.gnu-tools-for-stm32.11.3.rel1.win32_1.1.0.202305231506/tools/bin/../lib/gcc/arm-none-eabi/11.3.1/thumb/v7e-m+fp/hard/crtbegin.o
                                         0x44 (size before relaxing)
 .comment       0x0000000000000043       0x44 ./Core/Src/MY_NRF24.o
 .comment       0x0000000000000043       0x44 ./Core/Src/lcdIli9341.o
 .comment       0x0000000000000043       0x44 ./Core/Src/main.o
 .comment       0x0000000000000043       0x44 ./Core/Src/stm32f4xx_hal_msp.o
 .comment       0x0000000000000043       0x44 ./Core/Src/stm32f4xx_it.o
 .comment       0x0000000000000043       0x44 ./Core/Src/system_stm32f4xx.o
 .comment       0x0000000000000043       0x44 ./Drivers/STM32F4xx_HAL_Driver/Src/stm32f4xx_hal.o
 .comment       0x0000000000000043       0x44 ./Drivers/STM32F4xx_HAL_Driver/Src/stm32f4xx_hal_cortex.o
 .comment       0x0000000000000043       0x44 ./Drivers/STM32F4xx_HAL_Driver/Src/stm32f4xx_hal_gpio.o
 .comment       0x0000000000000043       0x44 ./Drivers/STM32F4xx_HAL_Driver/Src/stm32f4xx_hal_i2c.o
 .comment       0x0000000000000043       0x44 ./Drivers/STM32F4xx_HAL_Driver/Src/stm32f4xx_hal_rcc.o
 .comment       0x0000000000000043       0x44 ./Drivers/STM32F4xx_HAL_Driver/Src/stm32f4xx_hal_spi.o
 .comment       0x0000000000000043       0x44 ./Drivers/STM32F4xx_HAL_Driver/Src/stm32f4xx_hal_sram.o
 .comment       0x0000000000000043       0x44 ./Drivers/STM32F4xx_HAL_Driver/Src/stm32f4xx_ll_fsmc.o

.debug_info     0x0000000000000000     0xb626
 .debug_info    0x0000000000000000     0x1285 ./Core/Src/MY_NRF24.o
 .debug_info    0x0000000000001285      0x37d ./Core/Src/lcdIli9341.o
 .debug_info    0x0000000000001602     0x1438 ./Core/Src/main.o
 .debug_info    0x0000000000002a3a      0xf0e ./Core/Src/stm32f4xx_hal_msp.o
 .debug_info    0x0000000000003948      0x112 ./Core/Src/stm32f4xx_it.o
 .debug_info    0x0000000000003a5a      0x512 ./Core/Src/system_stm32f4xx.o
 .debug_info    0x0000000000003f6c       0x23 ./Core/Startup/startup_stm32f407vgtx.o
 .debug_info    0x0000000000003f8f      0x948 ./Drivers/STM32F4xx_HAL_Driver/Src/stm32f4xx_hal.o
 .debug_info    0x00000000000048d7      0xd46 ./Drivers/STM32F4xx_HAL_Driver/Src/stm32f4xx_hal_cortex.o
 .debug_info    0x000000000000561d      0x6c3 ./Drivers/STM32F4xx_HAL_Driver/Src/stm32f4xx_hal_gpio.o
 .debug_info    0x0000000000005ce0     0x23e1 ./Drivers/STM32F4xx_HAL_Driver/Src/stm32f4xx_hal_i2c.o
 .debug_info    0x00000000000080c1      0x8b1 ./Drivers/STM32F4xx_HAL_Driver/Src/stm32f4xx_hal_rcc.o
 .debug_info    0x0000000000008972     0x15fb ./Drivers/STM32F4xx_HAL_Driver/Src/stm32f4xx_hal_spi.o
 .debug_info    0x0000000000009f6d      0xd2f ./Drivers/STM32F4xx_HAL_Driver/Src/stm32f4xx_hal_sram.o
 .debug_info    0x000000000000ac9c      0x98a ./Drivers/STM32F4xx_HAL_Driver/Src/stm32f4xx_ll_fsmc.o

.debug_abbrev   0x0000000000000000     0x1e18
 .debug_abbrev  0x0000000000000000      0x33d ./Core/Src/MY_NRF24.o
 .debug_abbrev  0x000000000000033d      0x1ad ./Core/Src/lcdIli9341.o
 .debug_abbrev  0x00000000000004ea      0x2c7 ./Core/Src/main.o
 .debug_abbrev  0x00000000000007b1      0x22b ./Core/Src/stm32f4xx_hal_msp.o
 .debug_abbrev  0x00000000000009dc       0x73 ./Core/Src/stm32f4xx_it.o
 .debug_abbrev  0x0000000000000a4f      0x11a ./Core/Src/system_stm32f4xx.o
 .debug_abbrev  0x0000000000000b69       0x12 ./Core/Startup/startup_stm32f407vgtx.o
 .debug_abbrev  0x0000000000000b7b      0x213 ./Drivers/STM32F4xx_HAL_Driver/Src/stm32f4xx_hal.o
 .debug_abbrev  0x0000000000000d8e      0x327 ./Drivers/STM32F4xx_HAL_Driver/Src/stm32f4xx_hal_cortex.o
 .debug_abbrev  0x00000000000010b5      0x1d4 ./Drivers/STM32F4xx_HAL_Driver/Src/stm32f4xx_hal_gpio.o
 .debug_abbrev  0x0000000000001289      0x2ad ./Drivers/STM32F4xx_HAL_Driver/Src/stm32f4xx_hal_i2c.o
 .debug_abbrev  0x0000000000001536      0x2b6 ./Drivers/STM32F4xx_HAL_Driver/Src/stm32f4xx_hal_rcc.o
 .debug_abbrev  0x00000000000017ec      0x284 ./Drivers/STM32F4xx_HAL_Driver/Src/stm32f4xx_hal_spi.o
 .debug_abbrev  0x0000000000001a70      0x205 ./Drivers/STM32F4xx_HAL_Driver/Src/stm32f4xx_hal_sram.o
 .debug_abbrev  0x0000000000001c75      0x1a3 ./Drivers/STM32F4xx_HAL_Driver/Src/stm32f4xx_ll_fsmc.o

.debug_aranges  0x0000000000000000      0xc20
 .debug_aranges
                0x0000000000000000      0x1a8 ./Core/Src/MY_NRF24.o
 .debug_aranges
                0x00000000000001a8       0x58 ./Core/Src/lcdIli9341.o
 .debug_aranges
                0x0000000000000200       0x58 ./Core/Src/main.o
 .debug_aranges
                0x0000000000000258       0x60 ./Core/Src/stm32f4xx_hal_msp.o
 .debug_aranges
                0x00000000000002b8       0x60 ./Core/Src/stm32f4xx_it.o
 .debug_aranges
                0x0000000000000318       0x28 ./Core/Src/system_stm32f4xx.o
 .debug_aranges
                0x0000000000000340       0x28 ./Core/Startup/startup_stm32f407vgtx.o
 .debug_aranges
                0x0000000000000368       0xf0 ./Drivers/STM32F4xx_HAL_Driver/Src/stm32f4xx_hal.o
 .debug_aranges
                0x0000000000000458      0x118 ./Drivers/STM32F4xx_HAL_Driver/Src/stm32f4xx_hal_cortex.o
 .debug_aranges
                0x0000000000000570       0x58 ./Drivers/STM32F4xx_HAL_Driver/Src/stm32f4xx_hal_gpio.o
 .debug_aranges
                0x00000000000005c8      0x2a0 ./Drivers/STM32F4xx_HAL_Driver/Src/stm32f4xx_hal_i2c.o
 .debug_aranges
                0x0000000000000868       0x88 ./Drivers/STM32F4xx_HAL_Driver/Src/stm32f4xx_hal_rcc.o
 .debug_aranges
                0x00000000000008f0      0x1d0 ./Drivers/STM32F4xx_HAL_Driver/Src/stm32f4xx_hal_spi.o
 .debug_aranges
                0x0000000000000ac0       0xb8 ./Drivers/STM32F4xx_HAL_Driver/Src/stm32f4xx_hal_sram.o
 .debug_aranges
                0x0000000000000b78       0xa8 ./Drivers/STM32F4xx_HAL_Driver/Src/stm32f4xx_ll_fsmc.o

.debug_rnglists
                0x0000000000000000      0x94a
 .debug_rnglists
                0x0000000000000000      0x13d ./Core/Src/MY_NRF24.o
 .debug_rnglists
                0x000000000000013d       0x40 ./Core/Src/lcdIli9341.o
 .debug_rnglists
                0x000000000000017d       0x42 ./Core/Src/main.o
 .debug_rnglists
                0x00000000000001bf       0x46 ./Core/Src/stm32f4xx_hal_msp.o
 .debug_rnglists
                0x0000000000000205       0x43 ./Core/Src/stm32f4xx_it.o
 .debug_rnglists
                0x0000000000000248       0x1a ./Core/Src/system_stm32f4xx.o
 .debug_rnglists
                0x0000000000000262       0x19 ./Core/Startup/startup_stm32f407vgtx.o
 .debug_rnglists
                0x000000000000027b       0xaf ./Drivers/STM32F4xx_HAL_Driver/Src/stm32f4xx_hal.o
 .debug_rnglists
                0x000000000000032a       0xce ./Drivers/STM32F4xx_HAL_Driver/Src/stm32f4xx_hal_cortex.o
 .debug_rnglists
                0x00000000000003f8       0x3f ./Drivers/STM32F4xx_HAL_Driver/Src/stm32f4xx_hal_gpio.o
 .debug_rnglists
                0x0000000000000437      0x235 ./Drivers/STM32F4xx_HAL_Driver/Src/stm32f4xx_hal_i2c.o
 .debug_rnglists
                0x000000000000066c       0x66 ./Drivers/STM32F4xx_HAL_Driver/Src/stm32f4xx_hal_rcc.o
 .debug_rnglists
                0x00000000000006d2      0x16f ./Drivers/STM32F4xx_HAL_Driver/Src/stm32f4xx_hal_spi.o
 .debug_rnglists
                0x0000000000000841       0x8d ./Drivers/STM32F4xx_HAL_Driver/Src/stm32f4xx_hal_sram.o
 .debug_rnglists
                0x00000000000008ce       0x7c ./Drivers/STM32F4xx_HAL_Driver/Src/stm32f4xx_ll_fsmc.o

.debug_macro    0x0000000000000000    0x2192c
 .debug_macro   0x0000000000000000      0x313 ./Core/Src/MY_NRF24.o
 .debug_macro   0x0000000000000313      0xaa8 ./Core/Src/MY_NRF24.o
 .debug_macro   0x0000000000000dbb      0x2a1 ./Core/Src/MY_NRF24.o
 .debug_macro   0x000000000000105c       0x2e ./Core/Src/MY_NRF24.o
 .debug_macro   0x000000000000108a       0x2f ./Core/Src/MY_NRF24.o
 .debug_macro   0x00000000000010b9       0x22 ./Core/Src/MY_NRF24.o
 .debug_macro   0x00000000000010db       0x8e ./Core/Src/MY_NRF24.o
 .debug_macro   0x0000000000001169       0x51 ./Core/Src/MY_NRF24.o
 .debug_macro   0x00000000000011ba      0x103 ./Core/Src/MY_NRF24.o
 .debug_macro   0x00000000000012bd       0x6a ./Core/Src/MY_NRF24.o
 .debug_macro   0x0000000000001327      0x1df ./Core/Src/MY_NRF24.o
 .debug_macro   0x0000000000001506       0x1c ./Core/Src/MY_NRF24.o
 .debug_macro   0x0000000000001522       0x22 ./Core/Src/MY_NRF24.o
 .debug_macro   0x0000000000001544       0xd9 ./Core/Src/MY_NRF24.o
 .debug_macro   0x000000000000161d     0x102d ./Core/Src/MY_NRF24.o
 .debug_macro   0x000000000000264a      0x11f ./Core/Src/MY_NRF24.o
 .debug_macro   0x0000000000002769    0x15e82 ./Core/Src/MY_NRF24.o
 .debug_macro   0x00000000000185eb       0x6d ./Core/Src/MY_NRF24.o
 .debug_macro   0x0000000000018658     0x367e ./Core/Src/MY_NRF24.o
 .debug_macro   0x000000000001bcd6      0x174 ./Core/Src/MY_NRF24.o
 .debug_macro   0x000000000001be4a       0x5c ./Core/Src/MY_NRF24.o
 .debug_macro   0x000000000001bea6      0x96b ./Core/Src/MY_NRF24.o
 .debug_macro   0x000000000001c811      0x9fe ./Core/Src/MY_NRF24.o
 .debug_macro   0x000000000001d20f      0x115 ./Core/Src/MY_NRF24.o
 .debug_macro   0x000000000001d324      0x13e ./Core/Src/MY_NRF24.o
 .debug_macro   0x000000000001d462       0xa5 ./Core/Src/MY_NRF24.o
 .debug_macro   0x000000000001d507      0x174 ./Core/Src/MY_NRF24.o
 .debug_macro   0x000000000001d67b      0x287 ./Core/Src/MY_NRF24.o
 .debug_macro   0x000000000001d902       0x5f ./Core/Src/MY_NRF24.o
 .debug_macro   0x000000000001d961      0x236 ./Core/Src/MY_NRF24.o
 .debug_macro   0x000000000001db97      0x12c ./Core/Src/MY_NRF24.o
 .debug_macro   0x000000000001dcc3      0x21e ./Core/Src/MY_NRF24.o
 .debug_macro   0x000000000001dee1       0x2e ./Core/Src/MY_NRF24.o
 .debug_macro   0x000000000001df0f      0x516 ./Core/Src/MY_NRF24.o
 .debug_macro   0x000000000001e425      0x1b5 ./Core/Src/MY_NRF24.o
 .debug_macro   0x000000000001e5da       0xd6 ./Core/Src/MY_NRF24.o
 .debug_macro   0x000000000001e6b0      0x11a ./Core/Src/MY_NRF24.o
 .debug_macro   0x000000000001e7ca       0x7e ./Core/Src/MY_NRF24.o
 .debug_macro   0x000000000001e848       0x89 ./Core/Src/MY_NRF24.o
 .debug_macro   0x000000000001e8d1      0x225 ./Core/Src/MY_NRF24.o
 .debug_macro   0x000000000001eaf6      0x12d ./Core/Src/MY_NRF24.o
 .debug_macro   0x000000000001ec23      0x226 ./Core/Src/MY_NRF24.o
 .debug_macro   0x000000000001ee49       0x2a ./Core/Src/MY_NRF24.o
 .debug_macro   0x000000000001ee73       0x61 ./Core/Src/MY_NRF24.o
 .debug_macro   0x000000000001eed4       0x43 ./Core/Src/MY_NRF24.o
 .debug_macro   0x000000000001ef17       0x34 ./Core/Src/MY_NRF24.o
 .debug_macro   0x000000000001ef4b       0x16 ./Core/Src/MY_NRF24.o
 .debug_macro   0x000000000001ef61       0x35 ./Core/Src/MY_NRF24.o
 .debug_macro   0x000000000001ef96       0x16 ./Core/Src/MY_NRF24.o
 .debug_macro   0x000000000001efac       0x43 ./Core/Src/MY_NRF24.o
 .debug_macro   0x000000000001efef       0x34 ./Core/Src/MY_NRF24.o
 .debug_macro   0x000000000001f023       0x10 ./Core/Src/MY_NRF24.o
 .debug_macro   0x000000000001f033       0x58 ./Core/Src/MY_NRF24.o
 .debug_macro   0x000000000001f08b       0x8e ./Core/Src/MY_NRF24.o
 .debug_macro   0x000000000001f119       0x1c ./Core/Src/MY_NRF24.o
 .debug_macro   0x000000000001f135      0x177 ./Core/Src/MY_NRF24.o
 .debug_macro   0x000000000001f2ac      0x369 ./Core/Src/MY_NRF24.o
 .debug_macro   0x000000000001f615       0x16 ./Core/Src/MY_NRF24.o
 .debug_macro   0x000000000001f62b       0x29 ./Core/Src/MY_NRF24.o
 .debug_macro   0x000000000001f654       0x22 ./Core/Src/MY_NRF24.o
 .debug_macro   0x000000000001f676       0x16 ./Core/Src/MY_NRF24.o
 .debug_macro   0x000000000001f68c       0x20 ./Core/Src/MY_NRF24.o
 .debug_macro   0x000000000001f6ac      0x2f7 ./Core/Src/lcdIli9341.o
 .debug_macro   0x000000000001f9a3       0x5b ./Core/Src/lcdIli9341.o
 .debug_macro   0x000000000001f9fe       0x94 ./Core/Src/lcdIli9341.o
 .debug_macro   0x000000000001fa92       0x16 ./Core/Src/lcdIli9341.o
 .debug_macro   0x000000000001faa8       0x57 ./Core/Src/lcdIli9341.o
 .debug_macro   0x000000000001faff       0x97 ./Core/Src/lcdIli9341.o
 .debug_macro   0x000000000001fb96       0xfd ./Core/Src/lcdIli9341.o
 .debug_macro   0x000000000001fc93       0x10 ./Core/Src/lcdIli9341.o
 .debug_macro   0x000000000001fca3       0x16 ./Core/Src/lcdIli9341.o
 .debug_macro   0x000000000001fcb9       0x16 ./Core/Src/lcdIli9341.o
 .debug_macro   0x000000000001fccf      0x147 ./Core/Src/lcdIli9341.o
 .debug_macro   0x000000000001fe16       0x56 ./Core/Src/lcdIli9341.o
 .debug_macro   0x000000000001fe6c       0x28 ./Core/Src/lcdIli9341.o
 .debug_macro   0x000000000001fe94       0xb8 ./Core/Src/lcdIli9341.o
 .debug_macro   0x000000000001ff4c      0x359 ./Core/Src/main.o
 .debug_macro   0x00000000000202a5      0x1fe ./Core/Src/stm32f4xx_hal_msp.o
 .debug_macro   0x00000000000204a3      0x208 ./Core/Src/stm32f4xx_it.o
 .debug_macro   0x00000000000206ab      0x1ef ./Core/Src/system_stm32f4xx.o
 .debug_macro   0x000000000002089a      0x24f ./Drivers/STM32F4xx_HAL_Driver/Src/stm32f4xx_hal.o
 .debug_macro   0x0000000000020ae9      0x1ef ./Drivers/STM32F4xx_HAL_Driver/Src/stm32f4xx_hal_cortex.o
 .debug_macro   0x0000000000020cd8      0x1f5 ./Drivers/STM32F4xx_HAL_Driver/Src/stm32f4xx_hal_gpio.o
 .debug_macro   0x0000000000020ecd      0x236 ./Drivers/STM32F4xx_HAL_Driver/Src/stm32f4xx_hal_i2c.o
 .debug_macro   0x0000000000021103      0x213 ./Drivers/STM32F4xx_HAL_Driver/Src/stm32f4xx_hal_rcc.o
 .debug_macro   0x0000000000021316      0x1fe ./Drivers/STM32F4xx_HAL_Driver/Src/stm32f4xx_hal_spi.o
 .debug_macro   0x0000000000021514      0x1ef ./Drivers/STM32F4xx_HAL_Driver/Src/stm32f4xx_hal_sram.o
 .debug_macro   0x0000000000021703      0x229 ./Drivers/STM32F4xx_HAL_Driver/Src/stm32f4xx_ll_fsmc.o

.debug_line     0x0000000000000000     0xe010
 .debug_line    0x0000000000000000     0x10e4 ./Core/Src/MY_NRF24.o
 .debug_line    0x00000000000010e4      0xa1e ./Core/Src/lcdIli9341.o
 .debug_line    0x0000000000001b02      0xb8e ./Core/Src/main.o
 .debug_line    0x0000000000002690      0x8cb ./Core/Src/stm32f4xx_hal_msp.o
 .debug_line    0x0000000000002f5b      0x837 ./Core/Src/stm32f4xx_it.o
 .debug_line    0x0000000000003792      0x7f6 ./Core/Src/system_stm32f4xx.o
 .debug_line    0x0000000000003f88       0x7a ./Core/Startup/startup_stm32f407vgtx.o
 .debug_line    0x0000000000004002      0xa5c ./Drivers/STM32F4xx_HAL_Driver/Src/stm32f4xx_hal.o
 .debug_line    0x0000000000004a5e      0xd0b ./Drivers/STM32F4xx_HAL_Driver/Src/stm32f4xx_hal_cortex.o
 .debug_line    0x0000000000005769      0xbd0 ./Drivers/STM32F4xx_HAL_Driver/Src/stm32f4xx_hal_gpio.o
 .debug_line    0x0000000000006339     0x3a1e ./Drivers/STM32F4xx_HAL_Driver/Src/stm32f4xx_hal_i2c.o
 .debug_line    0x0000000000009d57      0xdd5 ./Drivers/STM32F4xx_HAL_Driver/Src/stm32f4xx_hal_rcc.o
 .debug_line    0x000000000000ab2c     0x1ced ./Drivers/STM32F4xx_HAL_Driver/Src/stm32f4xx_hal_spi.o
 .debug_line    0x000000000000c819      0xd77 ./Drivers/STM32F4xx_HAL_Driver/Src/stm32f4xx_hal_sram.o
 .debug_line    0x000000000000d590      0xa80 ./Drivers/STM32F4xx_HAL_Driver/Src/stm32f4xx_ll_fsmc.o

.debug_str      0x0000000000000000    0xc8789
 .debug_str     0x0000000000000000    0xc476f ./Core/Src/MY_NRF24.o
                                      0xc4af6 (size before relaxing)
 .debug_str     0x00000000000c476f      0xc36 ./Core/Src/lcdIli9341.o
                                      0xc442a (size before relaxing)
 .debug_str     0x00000000000c53a5      0x7c8 ./Core/Src/main.o
                                      0xc5778 (size before relaxing)
 .debug_str     0x00000000000c5b6d      0x114 ./Core/Src/stm32f4xx_hal_msp.o
                                      0xc122b (size before relaxing)
 .debug_str     0x00000000000c5c81       0xc9 ./Core/Src/stm32f4xx_it.o
                                      0xc07ce (size before relaxing)
 .debug_str     0x00000000000c5d4a       0xcb ./Core/Src/system_stm32f4xx.o
                                      0xc086f (size before relaxing)
 .debug_str     0x00000000000c5e15       0x34 ./Core/Startup/startup_stm32f407vgtx.o
                                         0x74 (size before relaxing)
 .debug_str     0x00000000000c5e49      0xaca ./Drivers/STM32F4xx_HAL_Driver/Src/stm32f4xx_hal.o
                                      0xc13f3 (size before relaxing)
 .debug_str     0x00000000000c6913      0x354 ./Drivers/STM32F4xx_HAL_Driver/Src/stm32f4xx_hal_cortex.o
                                      0xc1126 (size before relaxing)
 .debug_str     0x00000000000c6c67      0x121 ./Drivers/STM32F4xx_HAL_Driver/Src/stm32f4xx_hal_gpio.o
                                      0xc09ea (size before relaxing)
 .debug_str     0x00000000000c6d88      0xb0a ./Drivers/STM32F4xx_HAL_Driver/Src/stm32f4xx_hal_i2c.o
                                      0xc183a (size before relaxing)
 .debug_str     0x00000000000c7892      0x208 ./Drivers/STM32F4xx_HAL_Driver/Src/stm32f4xx_hal_rcc.o
                                      0xc0ca3 (size before relaxing)
 .debug_str     0x00000000000c7a9a      0x53f ./Drivers/STM32F4xx_HAL_Driver/Src/stm32f4xx_hal_spi.o
                                      0xc1133 (size before relaxing)
 .debug_str     0x00000000000c7fd9      0x1ef ./Drivers/STM32F4xx_HAL_Driver/Src/stm32f4xx_hal_sram.o
                                      0xc0e6d (size before relaxing)
 .debug_str     0x00000000000c81c8      0x5c1 ./Drivers/STM32F4xx_HAL_Driver/Src/stm32f4xx_ll_fsmc.o
                                      0xc10da (size before relaxing)

.debug_frame    0x0000000000000000     0x323c
 .debug_frame   0x0000000000000000      0x6b4 ./Core/Src/MY_NRF24.o
 .debug_frame   0x00000000000006b4      0x148 ./Core/Src/lcdIli9341.o
 .debug_frame   0x00000000000007fc      0x110 ./Core/Src/main.o
 .debug_frame   0x000000000000090c      0x14c ./Core/Src/stm32f4xx_hal_msp.o
 .debug_frame   0x0000000000000a58      0x104 ./Core/Src/stm32f4xx_it.o
 .debug_frame   0x0000000000000b5c       0x58 ./Core/Src/system_stm32f4xx.o
 .debug_frame   0x0000000000000bb4      0x374 ./Drivers/STM32F4xx_HAL_Driver/Src/stm32f4xx_hal.o
 .debug_frame   0x0000000000000f28      0x498 ./Drivers/STM32F4xx_HAL_Driver/Src/stm32f4xx_hal_cortex.o
 .debug_frame   0x00000000000013c0      0x14c ./Drivers/STM32F4xx_HAL_Driver/Src/stm32f4xx_hal_gpio.o
 .debug_frame   0x000000000000150c      0xc5c ./Drivers/STM32F4xx_HAL_Driver/Src/stm32f4xx_hal_i2c.o
 .debug_frame   0x0000000000002168      0x1f4 ./Drivers/STM32F4xx_HAL_Driver/Src/stm32f4xx_hal_rcc.o
 .debug_frame   0x000000000000235c      0x824 ./Drivers/STM32F4xx_HAL_Driver/Src/stm32f4xx_hal_spi.o
 .debug_frame   0x0000000000002b80      0x30c ./Drivers/STM32F4xx_HAL_Driver/Src/stm32f4xx_hal_sram.o
 .debug_frame   0x0000000000002e8c      0x2dc ./Drivers/STM32F4xx_HAL_Driver/Src/stm32f4xx_ll_fsmc.o
 .debug_frame   0x0000000000003168       0x20 C:/ST/STM32CubeIDE_1.10.1/STM32CubeIDE/plugins/com.st.stm32cube.ide.mcu.externaltools.gnu-tools-for-stm32.11.3.rel1.win32_1.1.0.202305231506/tools/bin/../lib/gcc/arm-none-eabi/11.3.1/../../../../arm-none-eabi/lib/thumb/v7e-m+fp/hard\libc_nano.a(libc_a-memset.o)
 .debug_frame   0x0000000000003188       0x2c C:/ST/STM32CubeIDE_1.10.1/STM32CubeIDE/plugins/com.st.stm32cube.ide.mcu.externaltools.gnu-tools-for-stm32.11.3.rel1.win32_1.1.0.202305231506/tools/bin/../lib/gcc/arm-none-eabi/11.3.1/../../../../arm-none-eabi/lib/thumb/v7e-m+fp/hard\libc_nano.a(libc_a-init.o)
 .debug_frame   0x00000000000031b4       0x28 C:/ST/STM32CubeIDE_1.10.1/STM32CubeIDE/plugins/com.st.stm32cube.ide.mcu.externaltools.gnu-tools-for-stm32.11.3.rel1.win32_1.1.0.202305231506/tools/bin/../lib/gcc/arm-none-eabi/11.3.1/../../../../arm-none-eabi/lib/thumb/v7e-m+fp/hard\libc_nano.a(libc_a-memcpy-stub.o)
 .debug_frame   0x00000000000031dc       0x2c C:/ST/STM32CubeIDE_1.10.1/STM32CubeIDE/plugins/com.st.stm32cube.ide.mcu.externaltools.gnu-tools-for-stm32.11.3.rel1.win32_1.1.0.202305231506/tools/bin/../lib/gcc/arm-none-eabi/11.3.1/thumb/v7e-m+fp/hard\libgcc.a(_aeabi_uldivmod.o)
 .debug_frame   0x0000000000003208       0x34 C:/ST/STM32CubeIDE_1.10.1/STM32CubeIDE/plugins/com.st.stm32cube.ide.mcu.externaltools.gnu-tools-for-stm32.11.3.rel1.win32_1.1.0.202305231506/tools/bin/../lib/gcc/arm-none-eabi/11.3.1/thumb/v7e-m+fp/hard\libgcc.a(_udivmoddi4.o)

.debug_line_str
                0x0000000000000000       0x68
 .debug_line_str
                0x0000000000000000       0x68 ./Core/Startup/startup_stm32f407vgtx.o
                                         0x80 (size before relaxing)
